Running build hooks...Running build hooks...*** BEGIN CFG
Unoptimized Compilation
==== file:///Users/nickfisher/Documents/dart_ffi_leaf_struct_repro/bin/repro.dart_::_#nativeBigFromAddressLeaf#T (RegularFunction)
B0[graph]:0
B1[function entry]:2
    CheckStackOverflow:8(stack=0, loop=0)
    DebugStepCheck:10()
    t0 <- Constant(#null)
    DebugStepCheck:12()
    DartReturn:14(t0)
*** END CFG
Code for function 'file:///Users/nickfisher/Documents/dart_ffi_leaf_struct_repro/bin/repro.dart_::_#nativeBigFromAddressLeaf#T' (RegularFunction) {
        ;; B0
        ;; B1
        ;; Invocation Count Check
0x0    f8437306               ldr r6, [r24, #55]
0x4    b886f0c7               ldrsw r7, [r6, #111]
0x8    910004e7               add r7, r7, #0x1
0xc    b806f0c7               strw r7, [r6, #111]
0x10    d2846511               movz tmp2, #0x2328
0x14    eb1100ff               cmp r7, tmp2
0x18    5400006b               blt +12
0x1c    f9412f50               ldr tmp, [thr, #600]
0x20    d61f0200               br tmp
        ;; Enter frame
0x24    a9bf79fd               stp fp, lr, [sp, #-16]!
0x28    aa0f03fd               mov fp, sp
0x2c    91000771               add tmp2, pp, #0x1
0x30    a9bf61f1               stp tmp2, r24, [sp, #-16]!
0x34    f842731b               ldr pp, [r24, #39]
0x38    d100077b               sub pp, pp, #0x1
0x3c    d10021ef               sub sp, sp, #0x8
        ;; Initialize spill slots
0x40    f81e83b6               str nr, [fp, #-24]
        ;; Edge counter
0x44    f9400b60               ldr r0, [pp, #16]   _List len:2
0x48    f841f010               ldr tmp, [r0, #31]
0x4c    91000a10               add tmp, tmp, #0x2
0x50    f801f010               str tmp, [r0, #31]
        ;; CheckStackOverflow:8(stack=0, loop=0)
0x54    f9402750               ldr tmp, [thr, #72]
0x58    eb1001ff               cmp sp, tmp
0x5c    540001e9               bls +60
        ;; DebugStepCheck:10()
0x60    f9400f78               ldr r24, [pp, #24]   Code([Stub] DebugStepCheck)
0x64    f840731e               ldr lr, [r24, #7]
0x68    d63f03c0               blr lr
        ;; t0 <- Constant(#null)
0x6c    aa1603e0               mov r0, nr
0x70    f81f8de0               str r0, [sp, #-8]!
        ;; DebugStepCheck:12()
0x74    f9401378               ldr r24, [pp, #32]   Code([Stub] DebugStepCheck)
0x78    f840731e               ldr lr, [r24, #7]
0x7c    d63f03c0               blr lr
        ;; DartReturn:14(t0)
0x80    f84085e0               ldr r0, [sp], #8 !
0x84    f85f03bb               ldr pp, [fp, #-16]
0x88    d100077b               sub pp, pp, #0x1
0x8c    aa1d03ef               mov sp, fp
0x90    a8c179fd               ldp fp, lr, [sp], #16 !
0x94    d65f03c0               ret
        ;; CheckStackOverflowSlowPath
0x98    f9424345               ldr r5, [thr, #1152]
0x9c    d2800004               movz r4, #0x0
        ;; Runtime call: DRT_InterruptOrStackOverflow
0xa0    f941075e               ldr lr, [thr, #520]
0xa4    d63f03c0               blr lr
0xa8    17ffffee               b -72
}
ObjectPool len:3 {
  [pp, #16] _List len:2 (obj)
  [pp, #24] Code([Stub] DebugStepCheck) (obj)
  [pp, #32] Code([Stub] DebugStepCheck) (obj)
}
Source positions for function 'file:///Users/nickfisher/Documents/dart_ffi_leaf_struct_repro/bin/repro.dart_::_#nativeBigFromAddressLeaf#T' {
0-43: Function '#nativeBigFromAddressLeaf#T': static.@DartCodePrologue
44-53: Function '#nativeBigFromAddressLeaf#T': static.@ControlFlow
54-6b: Function '#nativeBigFromAddressLeaf#T': static.@796
6c-7f: Function '#nativeBigFromAddressLeaf#T': static.@814
80-a7: Function '#nativeBigFromAddressLeaf#T': static.@653
a8-ab: Function '#nativeBigFromAddressLeaf#T': static.@653
}
PC Descriptors for function 'file:///Users/nickfisher/Documents/dart_ffi_leaf_struct_repro/bin/repro.dart_::_#nativeBigFromAddressLeaf#T' {
pc                kind           deopt-id  tok-ix        try-ix yield-idx
0x54              deopt                 2  NoSource          -1        -1
0x6c              runtime-call         10  796               -1        -1
0x80              runtime-call         12  814               -1        -1
0x80              deopt                14  814               -1        -1
0xa8              other                 8  653               -1        -1
0xa8              deopt                 9  653               -1        -1
}
Entry points for function 'file:///Users/nickfisher/Documents/dart_ffi_leaf_struct_repro/bin/repro.dart_::_#nativeBigFromAddressLeaf#T' {
  [code+0x07] 0 kNormal
  [code+0x0f] 0 kMonomorphic
  [code+0x17] 0 kUnchecked
  [code+0x1f] 0 kMonomorphicUnchecked
}
  -> returned null
FAIL @Native leaf + .address argument + big return (original failure)
  -> returned null
FAIL @Native leaf + .address argument + small return
  -> returned null, input remains 9
FAIL native-field argument + .address + small return
  -> returned null, input remains 9
FAIL native-field argument + .address + big return
*** BEGIN CFG
Unoptimized Compilation
==== file:///Users/nickfisher/Documents/dart_ffi_leaf_struct_repro/bin/repro.dart_::_#nativeIntFromPeer#T (RegularFunction)
B0[graph]:0
B1[function entry]:2
    CheckStackOverflow:8(stack=0, loop=0)
    DebugStepCheck:10()
    t0 <- Constant(#null)
    DebugStepCheck:12()
    DartReturn:14(t0)
*** END CFG
Code for function 'file:///Users/nickfisher/Documents/dart_ffi_leaf_struct_repro/bin/repro.dart_::_#nativeIntFromPeer#T' (RegularFunction) {
        ;; B0
        ;; B1
        ;; Invocation Count Check
0x0    f8437306               ldr r6, [r24, #55]
0x4    b886f0c7               ldrsw r7, [r6, #111]
0x8    910004e7               add r7, r7, #0x1
0xc    b806f0c7               strw r7, [r6, #111]
0x10    d2846511               movz tmp2, #0x2328
0x14    eb1100ff               cmp r7, tmp2
0x18    5400006b               blt +12
0x1c    f9412f50               ldr tmp, [thr, #600]
0x20    d61f0200               br tmp
        ;; Enter frame
0x24    a9bf79fd               stp fp, lr, [sp, #-16]!
0x28    aa0f03fd               mov fp, sp
0x2c    91000771               add tmp2, pp, #0x1
0x30    a9bf61f1               stp tmp2, r24, [sp, #-16]!
0x34    f842731b               ldr pp, [r24, #39]
0x38    d100077b               sub pp, pp, #0x1
0x3c    d10021ef               sub sp, sp, #0x8
        ;; Initialize spill slots
0x40    f81e83b6               str nr, [fp, #-24]
        ;; Edge counter
0x44    f9400b60               ldr r0, [pp, #16]   _List len:2
0x48    f841f010               ldr tmp, [r0, #31]
0x4c    91000a10               add tmp, tmp, #0x2
0x50    f801f010               str tmp, [r0, #31]
        ;; CheckStackOverflow:8(stack=0, loop=0)
0x54    f9402750               ldr tmp, [thr, #72]
0x58    eb1001ff               cmp sp, tmp
0x5c    540001e9               bls +60
        ;; DebugStepCheck:10()
0x60    f9400f78               ldr r24, [pp, #24]   Code([Stub] DebugStepCheck)
0x64    f840731e               ldr lr, [r24, #7]
0x68    d63f03c0               blr lr
        ;; t0 <- Constant(#null)
0x6c    aa1603e0               mov r0, nr
0x70    f81f8de0               str r0, [sp, #-8]!
        ;; DebugStepCheck:12()
0x74    f9401378               ldr r24, [pp, #32]   Code([Stub] DebugStepCheck)
0x78    f840731e               ldr lr, [r24, #7]
0x7c    d63f03c0               blr lr
        ;; DartReturn:14(t0)
0x80    f84085e0               ldr r0, [sp], #8 !
0x84    f85f03bb               ldr pp, [fp, #-16]
0x88    d100077b               sub pp, pp, #0x1
0x8c    aa1d03ef               mov sp, fp
0x90    a8c179fd               ldp fp, lr, [sp], #16 !
0x94    d65f03c0               ret
        ;; CheckStackOverflowSlowPath
0x98    f9424345               ldr r5, [thr, #1152]
0x9c    d2800004               movz r4, #0x0
        ;; Runtime call: DRT_InterruptOrStackOverflow
0xa0    f941075e               ldr lr, [thr, #520]
0xa4    d63f03c0               blr lr
0xa8    17ffffee               b -72
}
ObjectPool len:3 {
  [pp, #16] _List len:2 (obj)
  [pp, #24] Code([Stub] DebugStepCheck) (obj)
  [pp, #32] Code([Stub] DebugStepCheck) (obj)
}
Source positions for function 'file:///Users/nickfisher/Documents/dart_ffi_leaf_struct_repro/bin/repro.dart_::_#nativeIntFromPeer#T' {
0-43: Function '#nativeIntFromPeer#T': static.@DartCodePrologue
44-53: Function '#nativeIntFromPeer#T': static.@ControlFlow
54-6b: Function '#nativeIntFromPeer#T': static.@1901
6c-7f: Function '#nativeIntFromPeer#T': static.@1934
80-a7: Function '#nativeIntFromPeer#T': static.@1749
a8-ab: Function '#nativeIntFromPeer#T': static.@1749
}
PC Descriptors for function 'file:///Users/nickfisher/Documents/dart_ffi_leaf_struct_repro/bin/repro.dart_::_#nativeIntFromPeer#T' {
pc                kind           deopt-id  tok-ix        try-ix yield-idx
0x54              deopt                 2  NoSource          -1        -1
0x6c              runtime-call         10  1901              -1        -1
0x80              runtime-call         12  1934              -1        -1
0x80              deopt                14  1934              -1        -1
0xa8              other                 8  1749              -1        -1
0xa8              deopt                 9  1749              -1        -1
}
Entry points for function 'file:///Users/nickfisher/Documents/dart_ffi_leaf_struct_repro/bin/repro.dart_::_#nativeIntFromPeer#T' {
  [code+0x07] 0 kNormal
  [code+0x0f] 0 kMonomorphic
  [code+0x17] 0 kUnchecked
  [code+0x1f] 0 kMonomorphicUnchecked
}
  -> returned null, input remains 9
FAIL native-field argument + .address + int return
5 check(s) failed - see above.
